// Jest Snapshot v1, https://goo.gl/fbAQLP

exports[`RegisterView.vue Crear un snapshot de la vista de Registro 1`] = `
<main class="container pt-5 h-100 d-flex flex-column align-items-center">
  <h1 class="my-5 text-center"><i class="bi bi-bookmark-star-fill me-1"></i>Crea tu cuenta</h1>
  <p class="text-center w-75">Registrándote en Jack Rabbit Slim's podrás reservar una mesa para cuantos invitados quieras y disfrutar de un momento y platos inolvidables.</p>
  <form class="w-75">
    <div class="mb-3"><label for="nombre" class="form-label">Nombre</label><input type="text" class="form-control" id="nombre" placeholder="Ingresa tu nombre" required=""></div>
    <div class="mb-3"><label for="apellido" class="form-label">Apellido</label><input type="text" class="form-control" id="apellido" placeholder="Ingresa tu apellido" required=""></div>
    <div class="mb-3"><label for="email" class="form-label">Correo</label><input type="email" class="form-control" id="email" placeholder="Ingresa tu e-mail" required=""></div>
    <div class="mb-3"><label for="telefono" class="form-label">Teléfono</label><input type="tel" class="form-control" id="telefono" placeholder="Ingresa tu teléfono" required=""></div>
    <div class="mb-3"><label for="password" class="form-label">Contraseña</label><input type="password" class="form-control" id="password" placeholder="Ingresa tu Contraseña" required=""></div><input type="hidden" value="false">
    <div class="text-center"><button type="submit" class="btn btn-primary">Registrarse</button></div>
  </form>
</main>
`;
